// Vitest Snapshot v1, https://vitest.dev/guide/snapshot.html

exports[`List container > success > commmand found local-ssl-management container running 1`] = `
[MockFunction spy] {
  "calls": [
    [
      "
The local ssl proxy is running.

		ℹ️ The local ssl proxy is running. Keep it mind that it is important to the local domains that works through HTTPS.
",
    ],
    [
      "
[90m┌──────────────[39m[90m┬──────────────────────[39m[90m┬──────────────────────────────────────────┐[39m
[90m│[39m[31m container id [39m[90m│[39m[31m container image      [39m[90m│[39m[31m port                                     [39m[90m│[39m
[90m├──────────────[39m[90m┼──────────────────────[39m[90m┼──────────────────────────────────────────┤[39m
[90m│[39m XXXXXXXXXXXX [90m│[39m local-ssl-management [90m│[39m 0.0.0.0:80->80/tcp, 0.0.0.0:443->443/tcp [90m│[39m
[90m└──────────────[39m[90m┴──────────────────────[39m[90m┴──────────────────────────────────────────┘[39m
",
    ],
  ],
  "results": [
    {
      "type": "return",
      "value": undefined,
    },
    {
      "type": "return",
      "value": undefined,
    },
  ],
}
`;
