// Vitest Snapshot v1, https://vitest.dev/guide/snapshot.html

exports[`On list action > list domains availables 1`] = `
[MockFunction spy] {
  "calls": [
    [
      "
[90m┌──────────────────────────────────────[39m[90m┬───────────────────────[39m[90m┬───────────────────────────────[39m[90m┬───────────[39m[90m┬──────[39m[90m┬──────┐[39m
[90m│[39m[31m id                                   [39m[90m│[39m[31m key                   [39m[90m│[39m[31m domains                       [39m[90m│[39m[31m location  [39m[90m│[39m[31m port [39m[90m│[39m[31m ping [39m[90m│[39m
[90m├──────────────────────────────────────[39m[90m┼───────────────────────[39m[90m┼───────────────────────────────[39m[90m┼───────────[39m[90m┼──────[39m[90m┼──────┤[39m
[90m│[39m d7274462-e2cc-4ed3-8b07-fea3e342e7aa [90m│[39m local.some-domain.tld [90m│[39m https://local.some-domain.tld [90m│[39m           [90m│[39m      [90m│[39m      [90m│[39m
[90m├──────────────────────────────────────[39m[90m┼───────────────────────[39m[90m┼───────────────────────────────[39m[90m┼───────────[39m[90m┼──────[39m[90m┼──────┤[39m
[90m│[39m                                      [90m│[39m                       [90m│[39m                               [90m│[39m /         [90m│[39m 3333 [90m│[39m 200  [90m│[39m
[90m├──────────────────────────────────────[39m[90m┼───────────────────────[39m[90m┼───────────────────────────────[39m[90m┼───────────[39m[90m┼──────[39m[90m┼──────┤[39m
[90m│[39m                                      [90m│[39m                       [90m│[39m                               [90m│[39m /app-name [90m│[39m 3000 [90m│[39m 404  [90m│[39m
[90m└──────────────────────────────────────[39m[90m┴───────────────────────[39m[90m┴───────────────────────────────[39m[90m┴───────────[39m[90m┴──────[39m[90m┴──────┘[39m
",
    ],
  ],
  "results": [
    {
      "type": "return",
      "value": "
[90m┌──────────────────────────────────────[39m[90m┬───────────────────────[39m[90m┬───────────────────────────────[39m[90m┬───────────[39m[90m┬──────[39m[90m┬──────┐[39m
[90m│[39m[31m id                                   [39m[90m│[39m[31m key                   [39m[90m│[39m[31m domains                       [39m[90m│[39m[31m location  [39m[90m│[39m[31m port [39m[90m│[39m[31m ping [39m[90m│[39m
[90m├──────────────────────────────────────[39m[90m┼───────────────────────[39m[90m┼───────────────────────────────[39m[90m┼───────────[39m[90m┼──────[39m[90m┼──────┤[39m
[90m│[39m d7274462-e2cc-4ed3-8b07-fea3e342e7aa [90m│[39m local.some-domain.tld [90m│[39m https://local.some-domain.tld [90m│[39m           [90m│[39m      [90m│[39m      [90m│[39m
[90m├──────────────────────────────────────[39m[90m┼───────────────────────[39m[90m┼───────────────────────────────[39m[90m┼───────────[39m[90m┼──────[39m[90m┼──────┤[39m
[90m│[39m                                      [90m│[39m                       [90m│[39m                               [90m│[39m /         [90m│[39m 3333 [90m│[39m 200  [90m│[39m
[90m├──────────────────────────────────────[39m[90m┼───────────────────────[39m[90m┼───────────────────────────────[39m[90m┼───────────[39m[90m┼──────[39m[90m┼──────┤[39m
[90m│[39m                                      [90m│[39m                       [90m│[39m                               [90m│[39m /app-name [90m│[39m 3000 [90m│[39m 404  [90m│[39m
[90m└──────────────────────────────────────[39m[90m┴───────────────────────[39m[90m┴───────────────────────────────[39m[90m┴───────────[39m[90m┴──────[39m[90m┴──────┘[39m
",
    },
  ],
}
`;
