// Vitest Snapshot v1, https://vitest.dev/guide/snapshot.html

exports[`On remove action > success > remove location 1`] = `
[MockFunction spy] {
  "calls": [
    [
      "
[Success] - 🎉 Domain removed succesful.
",
    ],
    [
      "
[Action] - 🔄 Updating proxy image.
",
    ],
    [
      "
SSL proxy running
",
    ],
    [
      "
[90m┌──────────────────[39m[90m┬─────────────┐[39m
[90m│[39m[31m domain           [39m[90m│[39m[31m app running [39m[90m│[39m
[90m├──────────────────[39m[90m┼─────────────┤[39m
[90m│[39m https://demo.com [90m│[39m no          [90m│[39m
[90m├──────────────────[39m[90m┼─────────────┤[39m
[90m│[39m https://demo.es  [90m│[39m no          [90m│[39m
[90m└──────────────────[39m[90m┴─────────────┘[39m
",
    ],
  ],
  "results": [
    {
      "type": "return",
      "value": "
[Success] - 🎉 Domain removed succesful.
",
    },
    {
      "type": "return",
      "value": "
[Action] - 🔄 Updating proxy image.
",
    },
    {
      "type": "return",
      "value": "
SSL proxy running
",
    },
    {
      "type": "return",
      "value": "
[90m┌──────────────────[39m[90m┬─────────────┐[39m
[90m│[39m[31m domain           [39m[90m│[39m[31m app running [39m[90m│[39m
[90m├──────────────────[39m[90m┼─────────────┤[39m
[90m│[39m https://demo.com [90m│[39m no          [90m│[39m
[90m├──────────────────[39m[90m┼─────────────┤[39m
[90m│[39m https://demo.es  [90m│[39m no          [90m│[39m
[90m└──────────────────[39m[90m┴─────────────┘[39m
",
    },
  ],
}
`;
