// Vitest Snapshot v1, https://vitest.dev/guide/snapshot.html

exports[`Utils - listConfigs > list configs 1`] = `
[MockFunction spy] {
  "calls": [
    [
      "
┌──────────────────────────────────────┬───────────────────────┬───────────────────────────────┬───────────┬──────┬──────┐
│ id                                   │ key                   │ domains                       │ location  │ port │ ping │
├──────────────────────────────────────┼───────────────────────┼───────────────────────────────┼───────────┼──────┼──────┤
│ d7274462-e2cc-4ed3-8b07-fea3e342e7aa │ local.some-domain.tld │ https://local.some-domain.tld │           │      │      │
├──────────────────────────────────────┼───────────────────────┼───────────────────────────────┼───────────┼──────┼──────┤
│                                      │                       │                               │ /         │ 3333 │ 200  │
├──────────────────────────────────────┼───────────────────────┼───────────────────────────────┼───────────┼──────┼──────┤
│                                      │                       │                               │ /app-name │ 3000 │ 200  │
└──────────────────────────────────────┴───────────────────────┴───────────────────────────────┴───────────┴──────┴──────┘
",
    ],
  ],
  "results": [
    {
      "type": "return",
      "value": undefined,
    },
  ],
}
`;
